src/pages/Assignments.tsx(149,46): error TS2339: Property 'closest' does not exist on type 'EventTarget'.
src/pages/Assignments.tsx(161,46): error TS2339: Property 'closest' does not exist on type 'EventTarget'.
src/pages/Assignments.tsx(173,46): error TS2339: Property 'closest' does not exist on type 'EventTarget'.
